../Core/Src/main.c:82:5:main	8	static
../Core/Src/main.c:138:6:SystemClock_Config	88	static
../Core/Src/main.c:184:6:PeriphCommonClock_Config	32	static
../Core/Src/main.c:205:13:MX_ADC1_Init	24	static
../Core/Src/main.c:263:13:MX_I2S1_Init	8	static
../Core/Src/main.c:294:13:MX_I2S2_Init	8	static
../Core/Src/main.c:325:13:MX_I2S3_Init	8	static
../Core/Src/main.c:356:13:MX_I2S4_Init	8	static
../Core/Src/main.c:385:13:MX_DMA_Init	16	static
../Core/Src/main.c:403:13:MX_GPIO_Init	40	static
../Core/Src/main.c:440:6:Error_Handler	4	static
